// Jest Snapshot v1, https://goo.gl/fbAQLP

exports[`renders RulesMainMolecule unchanged 1`] = `
<div>
  <p
    class="text"
  >
    The game is an expansion on the game Rock, Paper, Scissors. Each player picks a variable and reveals it at the same time. The winner is the one who defeats the others. In a tie, the process is repeated until a winner is found.
  </p>
</div>
`;
